// Jest Snapshot v1, https://goo.gl/fbAQLP

exports[`Pruebas en <AddCAtegory /> debe de mostrarse correctamente 1`] = `
<Fragment>
  <h4>
    Ingresa aqui abajo lo que quieras buscar
  </h4>
  <form
    onSubmit={[Function]}
  >
    <input
      onChange={[Function]}
      type="text"
      value=""
    />
  </form>
</Fragment>
`;
